bigarray.cma
bin_prot.cma
bitstring.cma
bitstring_persistent.cma
Camlp4MacroParser.cmo
comparelib.cma
config/coq_config.cmo
cstruct-syntax.cma
examples/add_vec/pa_vec.cmo
examples/first_order_logic/pa_fol.cmo
examples/length/pa_length.cmo
examples/ray_tracer/pa_ray.cmo
fieldslib.cma
interp/genarg.cmo
interp/ppextend.cmo
interp/topconstr.cmo
../js_of_ocaml/lib/syntax/pa_js.cmo
kernel/cbytecodes.cmo
kernel/cbytegen.cmo
kernel/cemitcodes.cmo
kernel/closure.cmo
kernel/conv_oracle.cmo
kernel/cooking.cmo
kernel/copcodes.cmo
kernel/declarations.cmo
kernel/entries.cmo
kernel/environ.cmo
kernel/esubst.cmo
kernel/indtypes.cmo
kernel/inductive.cmo
kernel/modops.cmo
kernel/mod_subst.cmo
kernel/mod_typing.cmo
kernel/names.cmo
kernel/pre_env.cmo
kernel/reduction.cmo
kernel/retroknowledge.cmo
kernel/safe_typing.cmo
kernel/sign.cmo
kernel/subtyping.cmo
kernel/term.cmo
kernel/term_typing.cmo
kernel/type_errors.cmo
kernel/typeops.cmo
kernel/univ.cmo
lib/bigint.cmo
lib/compat.cmo
lib/dyn.cmo
lib/errors.cmo
lib/flags.cmo
lib/hashcons.cmo
lib/hashtbl_alt.cmo
lib/option.cmo
lib/pp.cmo
lib/pp_control.cmo
lib/predicate.cmo
lib/profile.cmo
library/decl_kinds.cmo
library/global.cmo
library/goptions.cmo
library/lib.cmo
library/libnames.cmo
library/libobject.cmo
library/nameops.cmo
library/nametab.cmo
library/summary.cmo
lib/rtree.cmo
lib/segmenttree.cmo
lib/store.cmo
../../lib/syntax/pa_js.cmo
lib/unicodetable.cmo
lib/util.cmo
lwt-syntax.cma
lwt-syntax-log.cma
lwt-syntax-options.cma
netaccel.cma
netaccel_link.cmo
netstring.cma
netstring-pcre.cma
netsys.cma
netsys_oothr.cma
nums.cma
odn.cma
optcomp.cma
oUnit.cma
pa_bananas.cmo
../pa_bind_inline/pa_bind_inline.cmo
pa_bin_prot.cma
pa_bitstring.cmo
pa_compare.cma
pa_deriving.cma
pa_deriving_Json.cmo
pa_dyntype.cma
pa_extend.cmo
pa_fields_conv.cma
pa_js.cmo
pa_macaque.cmo
pa_macro.cmo
../pa_meta_conv.cma
pa_o.cmo
pa_odn.cma
pa_op.cmo
pa_opt.cmo
pa_orakuda.cma
pa_ounit.cma
../../pa/pa_meta_conv.cma
pa_pipebang.cma
parsing/argextend.cmo
parsing/egrammar.cmo
parsing/extend.cmo
parsing/extrawit.cmo
parsing/g_constr.cmo
parsing/g_ltac.cmo
parsing/g_prim.cmo
parsing/grammar.cma
parsing/g_tactic.cmo
parsing/lexer.cmo
parsing/pcoq.cmo
parsing/q_constr.cmo
parsing/q_coqast.cmo
parsing/q_util.cmo
parsing/tacextend.cmo
parsing/tok.cmo
parsing/vernacextend.cmo
pa_sexp_conv.cma
pa_tryfinally.cmo
pa_type_conv.cma
pa_tyxml.cmo
pa_ulex.cma
pa_variants_conv.cma
pcre.cma
pr_dump.cmo
pretyping/detyping.cmo
pretyping/evd.cmo
pretyping/glob_term.cmo
pretyping/inductiveops.cmo
pretyping/namegen.cmo
pretyping/pattern.cmo
pretyping/reductionops.cmo
pretyping/termops.cmo
pr_o.cmo
proofs/tacexpr.cmo
pxp_pp.cma
q_MLast.cmo
q_symbol.cmo
sexplib.cma
src/config.cmo
src/pa_do.cma
src/pa_do_nums.cma
src/pa_have.cmo
src/pa_infix.cma
str.cma
syntax/pa_cow.cma
../syntax/pa_deriving.cma
syntax/pa_deriving_Json.cmo
../syntax/pa_include.cmo
./syntax/pa_internal.cmo
syntax/pa_js.cmo
syntax/pa_lwt.cmo
syntax/pa_lwt_log.cmo
syntax/pa_lwt_options.cmo
syntax/pa_obus.cmo
syntax/pa_optcomp.cmo
tools/compat5b.cmo
tools/compat5.cmo
toplevel/vernacexpr.cmo
unix.cma
variantslib.cma
xstrp4.cma
